#
# There is insufficient memory for the Java Runtime Environment to continue.
# Native memory allocation (malloc) failed to allocate 242336 bytes. Error detail: Chunk::new
# Possible reasons:
#   The system is out of physical RAM or swap space
#   This process is running with CompressedOops enabled, and the Java Heap may be blocking the growth of the native heap
# Possible solutions:
#   Reduce memory load on the system
#   Increase physical memory or swap space
#   Check if swap backing store is full
#   Decrease Java heap size (-Xmx/-Xms)
#   Decrease number of Java threads
#   Decrease Java thread stack sizes (-Xss)
#   Set larger code cache with -XX:ReservedCodeCacheSize=
#   JVM is running with Unscaled Compressed Oops mode in which the Java heap is
#     placed in the first 4GB address space. The Java Heap base address is the
#     maximum limit for the native heap growth. Please use -XX:HeapBaseMinAddress
#     to set the Java Heap base and to place the Java Heap above 4GB virtual address.
# This output file may be truncated or incomplete.
#
#  Out of Memory Error (arena.cpp:191), pid=15072, tid=33000
#
# JRE version: OpenJDK Runtime Environment Temurin-17.0.13+11 (17.0.13+11) (build 17.0.13+11)
# Java VM: OpenJDK 64-Bit Server VM Temurin-17.0.13+11 (17.0.13+11, mixed mode, tiered, compressed oops, compressed class ptrs, parallel gc, windows-amd64)
# No core dump will be written. Minidumps are not enabled by default on client versions of Windows
#

---------------  S U M M A R Y ------------

Command Line: --add-modules=ALL-SYSTEM --add-opens=java.base/java.util=ALL-UNNAMED --add-opens=java.base/java.lang=ALL-UNNAMED --add-opens=java.base/sun.nio.fs=ALL-UNNAMED -Declipse.application=org.eclipse.jdt.ls.core.id1 -Dosgi.bundles.defaultStartLevel=4 -Declipse.product=org.eclipse.jdt.ls.core.product -Djava.import.generatesMetadataFilesAtProjectRoot=false -DDetectVMInstallationsJob.disabled=true -Dfile.encoding=utf8 -XX:+UseParallelGC -XX:GCTimeRatio=4 -XX:AdaptiveSizePolicyWeight=90 -Dsun.zip.disableMemoryMapping=true -Xmx1G -Xms100m -Xlog:disable -javaagent:c:\Users\samad\.vscode\extensions\redhat.java-1.39.2025010908-win32-x64\lombok\lombok-1.18.34.jar -XX:+HeapDumpOnOutOfMemoryError -XX:HeapDumpPath=c:\Users\samad\AppData\Roaming\Code\User\workspaceStorage\ec86bbe54f1cdda7a8d9def5667c7cc5\redhat.java -Daether.dependencyCollector.impl=bf c:\Users\samad\.vscode\extensions\redhat.java-1.39.2025010908-win32-x64\server\plugins\org.eclipse.equinox.launcher_1.6.900.v20240613-2009.jar -configuration c:\Users\samad\AppData\Roaming\Code\User\globalStorage\redhat.java\1.39.2025010908\config_win -data c:\Users\samad\AppData\Roaming\Code\User\workspaceStorage\ec86bbe54f1cdda7a8d9def5667c7cc5\redhat.java\jdt_ws --pipe=\\.\pipe\lsp-838501f76709089816db68da3545e03b-sock

Host: AMD Ryzen 5 4600H with Radeon Graphics         , 4 cores, 7G,  Windows 11 , 64 bit Build 22621 (10.0.22621.4391)
Time: Fri Jan 10 09:34:53 2025 India Standard Time elapsed time: 1.126762 seconds (0d 0h 0m 1s)

---------------  T H R E A D  ---------------

Current thread (0x000001f53e390a50):  JavaThread "C2 CompilerThread0" daemon [_thread_in_native, id=33000, stack(0x000000df01100000,0x000000df01200000)]


Current CompileTask:
C2:   1126  513       4       lombok.patcher.scripts.MethodLevelPatchScript::patch (21 bytes)

Stack: [0x000000df01100000,0x000000df01200000]
Native frames: (J=compiled Java code, j=interpreted, Vv=VM code, C=native code)
V  [jvm.dll+0x682a19]
V  [jvm.dll+0x839538]
V  [jvm.dll+0x83afe3]
V  [jvm.dll+0x83b653]
V  [jvm.dll+0x24704f]
V  [jvm.dll+0xace34]
V  [jvm.dll+0xad4cc]
V  [jvm.dll+0x2ac84f]
V  [jvm.dll+0x588a79]
V  [jvm.dll+0x220ea2]
V  [jvm.dll+0x22129f]
V  [jvm.dll+0x21a2b0]
V  [jvm.dll+0x21738b]
V  [jvm.dll+0x1a3070]
V  [jvm.dll+0x22788c]
V  [jvm.dll+0x2259eb]
V  [jvm.dll+0x7eec98]
V  [jvm.dll+0x7e8ffc]
V  [jvm.dll+0x6818f7]
C  [ucrtbase.dll+0x29333]
C  [KERNEL32.DLL+0x1259d]
C  [ntdll.dll+0x5af38]


---------------  P R O C E S S  ---------------

Threads class SMR info:
_java_thread_list=0x000001f543874ab0, length=12, elements={
0x000001f52a51efc0, 0x000001f52a5ccf00, 0x000001f52a5ce3f0, 0x000001f53e38c320,
0x000001f53e38cbf0, 0x000001f53e38f4d0, 0x000001f53e38fda0, 0x000001f53e390a50,
0x000001f54358b550, 0x000001f54358e220, 0x000001f52a57e000, 0x000001f543867350
}

Java Threads: ( => current thread )
  0x000001f52a51efc0 JavaThread "main" [_thread_in_vm, id=26680, stack(0x000000df00700000,0x000000df00800000)]
  0x000001f52a5ccf00 JavaThread "Reference Handler" daemon [_thread_blocked, id=13996, stack(0x000000df00b00000,0x000000df00c00000)]
  0x000001f52a5ce3f0 JavaThread "Finalizer" daemon [_thread_blocked, id=33640, stack(0x000000df00c00000,0x000000df00d00000)]
  0x000001f53e38c320 JavaThread "Signal Dispatcher" daemon [_thread_blocked, id=34336, stack(0x000000df00d00000,0x000000df00e00000)]
  0x000001f53e38cbf0 JavaThread "Attach Listener" daemon [_thread_blocked, id=12024, stack(0x000000df00e00000,0x000000df00f00000)]
  0x000001f53e38f4d0 JavaThread "Service Thread" daemon [_thread_blocked, id=3356, stack(0x000000df00f00000,0x000000df01000000)]
  0x000001f53e38fda0 JavaThread "Monitor Deflation Thread" daemon [_thread_blocked, id=12472, stack(0x000000df01000000,0x000000df01100000)]
=>0x000001f53e390a50 JavaThread "C2 CompilerThread0" daemon [_thread_in_native, id=33000, stack(0x000000df01100000,0x000000df01200000)]
  0x000001f54358b550 JavaThread "C1 CompilerThread0" daemon [_thread_blocked, id=30648, stack(0x000000df01200000,0x000000df01300000)]
  0x000001f54358e220 JavaThread "Sweeper thread" daemon [_thread_blocked, id=31592, stack(0x000000df01300000,0x000000df01400000)]
  0x000001f52a57e000 JavaThread "Common-Cleaner" daemon [_thread_blocked, id=32184, stack(0x000000df01400000,0x000000df01500000)]
  0x000001f543867350 JavaThread "Notification Thread" daemon [_thread_blocked, id=21144, stack(0x000000df01500000,0x000000df01600000)]

Other Threads:
  0x000001f53e34c8e0 VMThread "VM Thread" [stack: 0x000000df00a00000,0x000000df00b00000] [id=33820]
  0x000001f543868f90 WatcherThread [stack: 0x000000df01600000,0x000000df01700000] [id=31632]
  0x000001f52a533860 GCTaskThread "GC Thread#0" [stack: 0x000000df00900000,0x000000df00a00000] [id=8252]

Threads with active compile tasks:
C2 CompilerThread0     1144  513       4       lombok.patcher.scripts.MethodLevelPatchScript::patch (21 bytes)

VM state: not at safepoint (normal execution)

VM Mutex/Monitor currently owned by a thread: None

Heap address: 0x00000000c0000000, size: 1024 MB, Compressed Oops mode: 32-bit

CDS archive(s) not mapped
Compressed class space mapped at: 0x0000000100000000-0x0000000140000000, reserved size: 1073741824
Narrow klass base: 0x0000000000000000, Narrow klass shift: 3, Narrow klass range: 0x140000000

GC Precious Log:
 CPUs: 4 total, 4 available
 Memory: 7598M
 Large Page Support: Disabled
 NUMA Support: Disabled
 Compressed Oops: Enabled (32-bit)
 Alignments: Space 512K, Generation 512K, Heap 2M
 Heap Min Capacity: 100M
 Heap Initial Capacity: 100M
 Heap Max Capacity: 1G
 Pre-touch: Disabled
 Parallel Workers: 4

Heap:
 PSYoungGen      total 29696K, used 11474K [0x00000000eab00000, 0x00000000ecc00000, 0x0000000100000000)
  eden space 25600K, 44% used [0x00000000eab00000,0x00000000eb634940,0x00000000ec400000)
  from space 4096K, 0% used [0x00000000ec800000,0x00000000ec800000,0x00000000ecc00000)
  to   space 4096K, 0% used [0x00000000ec400000,0x00000000ec400000,0x00000000ec800000)
 ParOldGen       total 68608K, used 0K [0x00000000c0000000, 0x00000000c4300000, 0x00000000eab00000)
  object space 68608K, 0% used [0x00000000c0000000,0x00000000c0000000,0x00000000c4300000)
 Metaspace       used 7950K, committed 8064K, reserved 1114112K
  class space    used 781K, committed 832K, reserved 1048576K

Card table byte_map: [0x000001f529eb0000,0x000001f52a0c0000] _byte_map_base: 0x000001f5298b0000

Marking Bits: (ParMarkBitMap*) 0x00007ffcecff6940
 Begin Bits: [0x000001f53c1b0000, 0x000001f53d1b0000)
 End Bits:   [0x000001f53d1b0000, 0x000001f53e1b0000)

Polling page: 0x000001f528470000

Metaspace:

Usage:
  Non-class:      7.00 MB used.
      Class:    781.73 KB used.
       Both:      7.76 MB used.

Virtual space:
  Non-class space:       64.00 MB reserved,       7.06 MB ( 11%) committed,  1 nodes.
      Class space:        1.00 GB reserved,     832.00 KB ( <1%) committed,  1 nodes.
             Both:        1.06 GB reserved,       7.88 MB ( <1%) committed. 

Chunk freelists:
   Non-Class:  8.00 MB
       Class:  15.21 MB
        Both:  23.21 MB

MaxMetaspaceSize: unlimited
CompressedClassSpaceSize: 1.00 GB
Initial GC threshold: 21.00 MB
Current GC threshold: 21.00 MB
CDS: off
MetaspaceReclaimPolicy: balanced
 - commit_granule_bytes: 65536.
 - commit_granule_words: 8192.
 - virtual_space_node_default_size: 8388608.
 - enlarge_chunks_in_place: 1.
 - new_chunks_are_fully_committed: 0.
 - uncommit_free_chunks: 1.
 - use_allocation_guard: 0.
 - handle_deallocations: 1.


Internal statistics:

num_allocs_failed_limit: 0.
num_arena_births: 10.
num_arena_deaths: 0.
num_vsnodes_births: 2.
num_vsnodes_deaths: 0.
num_space_committed: 126.
num_space_uncommitted: 0.
num_chunks_returned_to_freelist: 0.
num_chunks_taken_from_freelist: 40.
num_chunk_merges: 0.
num_chunk_splits: 23.
num_chunks_enlarged: 22.
num_inconsistent_stats: 0.

CodeHeap 'non-profiled nmethods': size=120000Kb used=187Kb max_used=187Kb free=119812Kb
 bounds [0x000001f534c80000, 0x000001f534ef0000, 0x000001f53c1b0000]
CodeHeap 'profiled nmethods': size=120000Kb used=758Kb max_used=758Kb free=119241Kb
 bounds [0x000001f52d1b0000, 0x000001f52d420000, 0x000001f5346e0000]
CodeHeap 'non-nmethods': size=5760Kb used=1121Kb max_used=1135Kb free=4638Kb
 bounds [0x000001f5346e0000, 0x000001f534950000, 0x000001f534c80000]
 total_blobs=935 nmethods=529 adapters=321
 compilation: enabled
              stopped_count=0, restarted_count=0
 full_count=0

Compilation events (20 events):
Event: 1.093 Thread 0x000001f54358b550 nmethod 508 0x000001f52d25cf10 code [0x000001f52d25d320, 0x000001f52d25ec78]
Event: 1.093 Thread 0x000001f54358b550  509       3       sun.security.util.DerInputStream::getDerValue (76 bytes)
Event: 1.094 Thread 0x000001f54358b550 nmethod 509 0x000001f52d25f610 code [0x000001f52d25f7c0, 0x000001f52d25fa08]
Event: 1.095 Thread 0x000001f53e390a50 nmethod 506 0x000001f534cad010 code [0x000001f534cad1a0, 0x000001f534cad418]
Event: 1.095 Thread 0x000001f53e390a50  504       4       java.util.HashSet::iterator (13 bytes)
Event: 1.105 Thread 0x000001f53e390a50 nmethod 504 0x000001f534cadc90 code [0x000001f534cade40, 0x000001f534cae398]
Event: 1.105 Thread 0x000001f53e390a50  510       4       java.lang.String::charAt (25 bytes)
Event: 1.106 Thread 0x000001f53e390a50 nmethod 510 0x000001f534cae710 code [0x000001f534cae8a0, 0x000001f534cae988]
Event: 1.108 Thread 0x000001f53e390a50  513       4       lombok.patcher.scripts.MethodLevelPatchScript::patch (21 bytes)
Event: 1.115 Thread 0x000001f54358b550  515       3       sun.instrument.InstrumentationImpl::transform (73 bytes)
Event: 1.115 Thread 0x000001f54358b550 nmethod 515 0x000001f52d25fb10 code [0x000001f52d25fce0, 0x000001f52d260068]
Event: 1.116 Thread 0x000001f54358b550  516   !   3       sun.instrument.TransformerManager::transform (100 bytes)
Event: 1.116 Thread 0x000001f54358b550 nmethod 516 0x000001f52d260210 code [0x000001f52d2603e0, 0x000001f52d260868]
Event: 1.116 Thread 0x000001f54358b550  517       3       java.lang.instrument.ClassFileTransformer::transform (15 bytes)
Event: 1.116 Thread 0x000001f54358b550 nmethod 517 0x000001f52d260b10 code [0x000001f52d260cc0, 0x000001f52d260e48]
Event: 1.117 Thread 0x000001f54358b550  518       3       lombok.eclipse.agent.EclipsePatcher$1::shouldTransform (93 bytes)
Event: 1.117 Thread 0x000001f54358b550 nmethod 518 0x000001f52d260f90 code [0x000001f52d261240, 0x000001f52d261e88]
Event: 1.120 Thread 0x000001f54358b550  519   !   3       java.lang.String::replace (258 bytes)
Event: 1.123 Thread 0x000001f54358b550 nmethod 519 0x000001f52d262290 code [0x000001f52d262760, 0x000001f52d264a08]
Event: 1.125 Thread 0x000001f54358b550  520       3       java.math.BigInteger::destructiveMulAdd (150 bytes)

GC Heap History (0 events):
No events

Dll operation events (8 events):
Event: 0.025 Loaded shared library c:\Users\samad\.vscode\extensions\redhat.java-1.39.2025010908-win32-x64\jre\17.0.13-win32-x86_64\bin\java.dll
Event: 0.524 Loaded shared library c:\Users\samad\.vscode\extensions\redhat.java-1.39.2025010908-win32-x64\jre\17.0.13-win32-x86_64\bin\zip.dll
Event: 0.533 Loaded shared library C:\Users\samad\.vscode\extensions\redhat.java-1.39.2025010908-win32-x64\jre\17.0.13-win32-x86_64\bin\instrument.dll
Event: 0.581 Loaded shared library C:\Users\samad\.vscode\extensions\redhat.java-1.39.2025010908-win32-x64\jre\17.0.13-win32-x86_64\bin\net.dll
Event: 0.584 Loaded shared library C:\Users\samad\.vscode\extensions\redhat.java-1.39.2025010908-win32-x64\jre\17.0.13-win32-x86_64\bin\nio.dll
Event: 0.596 Loaded shared library C:\Users\samad\.vscode\extensions\redhat.java-1.39.2025010908-win32-x64\jre\17.0.13-win32-x86_64\bin\zip.dll
Event: 0.637 Loaded shared library C:\Users\samad\.vscode\extensions\redhat.java-1.39.2025010908-win32-x64\jre\17.0.13-win32-x86_64\bin\jimage.dll
Event: 0.775 Loaded shared library c:\Users\samad\.vscode\extensions\redhat.java-1.39.2025010908-win32-x64\jre\17.0.13-win32-x86_64\bin\verify.dll

Deoptimization events (20 events):
Event: 0.946 Thread 0x000001f52a51efc0 DEOPT PACKING pc=0x000001f52d1ca3a8 sp=0x000000df007fa6d0
Event: 0.946 Thread 0x000001f52a51efc0 DEOPT UNPACKING pc=0x000001f534736e43 sp=0x000000df007f9b90 mode 0
Event: 0.947 Thread 0x000001f52a51efc0 DEOPT PACKING pc=0x000001f52d1ca3a8 sp=0x000000df007fbf50
Event: 0.947 Thread 0x000001f52a51efc0 DEOPT UNPACKING pc=0x000001f534736e43 sp=0x000000df007fb410 mode 0
Event: 0.980 Thread 0x000001f52a51efc0 DEOPT PACKING pc=0x000001f52d1ca3a8 sp=0x000000df007fadf0
Event: 0.980 Thread 0x000001f52a51efc0 DEOPT UNPACKING pc=0x000001f534736e43 sp=0x000000df007fa2b0 mode 0
Event: 0.983 Thread 0x000001f52a51efc0 DEOPT PACKING pc=0x000001f52d1ca3a8 sp=0x000000df007fc3c0
Event: 0.983 Thread 0x000001f52a51efc0 DEOPT UNPACKING pc=0x000001f534736e43 sp=0x000000df007fb880 mode 0
Event: 0.985 Thread 0x000001f52a51efc0 DEOPT PACKING pc=0x000001f52d1ca2cf sp=0x000000df007fbc50
Event: 0.985 Thread 0x000001f52a51efc0 DEOPT UNPACKING pc=0x000001f534736e43 sp=0x000000df007fb100 mode 0
Event: 0.987 Thread 0x000001f52a51efc0 DEOPT PACKING pc=0x000001f52d1ca3a8 sp=0x000000df007fc230
Event: 0.987 Thread 0x000001f52a51efc0 DEOPT UNPACKING pc=0x000001f534736e43 sp=0x000000df007fb6f0 mode 0
Event: 1.088 Thread 0x000001f52a51efc0 Uncommon trap: trap_request=0xffffff45 fr.pc=0x000001f534c97ec0 relative=0x00000000000000c0
Event: 1.088 Thread 0x000001f52a51efc0 Uncommon trap: reason=unstable_if action=reinterpret pc=0x000001f534c97ec0 method=java.net.URI.match(CJJ)Z @ 45 c2
Event: 1.088 Thread 0x000001f52a51efc0 DEOPT PACKING pc=0x000001f534c97ec0 sp=0x000000df007fca70
Event: 1.088 Thread 0x000001f52a51efc0 DEOPT UNPACKING pc=0x000001f5347366a3 sp=0x000000df007fc9f8 mode 2
Event: 1.119 Thread 0x000001f52a51efc0 Uncommon trap: trap_request=0xffffff45 fr.pc=0x000001f534cabbfc relative=0x000000000000061c
Event: 1.119 Thread 0x000001f52a51efc0 Uncommon trap: reason=unstable_if action=reinterpret pc=0x000001f534cabbfc method=java.lang.String.replace(Ljava/lang/CharSequence;Ljava/lang/CharSequence;)Ljava/lang/String; @ 48 c2
Event: 1.119 Thread 0x000001f52a51efc0 DEOPT PACKING pc=0x000001f534cabbfc sp=0x000000df007fca10
Event: 1.119 Thread 0x000001f52a51efc0 DEOPT UNPACKING pc=0x000001f5347366a3 sp=0x000000df007fc990 mode 2

Classes loaded (20 events):
Event: 1.116 Loading class java/util/TreeMap$KeyIterator
Event: 1.117 Loading class java/util/TreeMap$PrivateEntryIterator
Event: 1.118 Loading class java/util/TreeMap$PrivateEntryIterator done
Event: 1.118 Loading class java/util/TreeMap$KeyIterator done
Event: 1.118 Loading class sun/security/util/DisabledAlgorithmConstraints$Constraints
Event: 1.118 Loading class sun/security/util/DisabledAlgorithmConstraints$Constraints done
Event: 1.119 Loading class sun/security/util/CurveDB
Event: 1.122 Loading class sun/security/util/CurveDB done
Event: 1.122 Loading class java/security/spec/ECFieldFp
Event: 1.123 Loading class java/security/spec/ECField
Event: 1.123 Loading class java/security/spec/ECField done
Event: 1.123 Loading class java/security/spec/ECFieldFp done
Event: 1.123 Loading class java/security/spec/EllipticCurve
Event: 1.124 Loading class java/security/spec/EllipticCurve done
Event: 1.124 Loading class java/security/spec/ECPoint
Event: 1.124 Loading class java/security/spec/ECPoint done
Event: 1.124 Loading class sun/security/util/NamedCurve
Event: 1.124 Loading class java/security/spec/ECParameterSpec
Event: 1.124 Loading class java/security/spec/ECParameterSpec done
Event: 1.124 Loading class sun/security/util/NamedCurve done

Classes unloaded (0 events):
No events

Classes redefined (0 events):
No events

Internal exceptions (2 events):
Event: 0.443 Thread 0x000001f52a51efc0 Exception <a 'java/lang/NoSuchMethodError'{0x00000000eacb5068}: 'void java.lang.invoke.DirectMethodHandle$Holder.invokeStatic(java.lang.Object, java.lang.Object, java.lang.Object)'> (0x00000000eacb5068) 
thrown [s\src\hotspot\share\interpreter\linkResolver.cpp, line 759]
Event: 0.823 Thread 0x000001f52a51efc0 Exception <a 'java/lang/reflect/InvocationTargetException'{0x00000000eafebcb8}> (0x00000000eafebcb8) 
thrown [s\src\hotspot\share\runtime\reflection.cpp, line 1128]

VM Operations (4 events):
Event: 0.451 Executing VM operation: HandshakeAllThreads
Event: 0.451 Executing VM operation: HandshakeAllThreads done
Event: 0.664 Executing VM operation: HandshakeAllThreads
Event: 0.664 Executing VM operation: HandshakeAllThreads done

Memory protections (0 events):
No events

Nmethod flushes (0 events):
No events

Events (12 events):
Event: 0.179 Thread 0x000001f52a51efc0 Thread added: 0x000001f52a51efc0
Event: 0.226 Thread 0x000001f52a51efc0 Thread added: 0x000001f52a5ccf00
Event: 0.227 Thread 0x000001f52a51efc0 Thread added: 0x000001f52a5ce3f0
Event: 0.258 Thread 0x000001f52a51efc0 Thread added: 0x000001f53e38c320
Event: 0.258 Thread 0x000001f52a51efc0 Thread added: 0x000001f53e38cbf0
Event: 0.258 Thread 0x000001f52a51efc0 Thread added: 0x000001f53e38f4d0
Event: 0.259 Thread 0x000001f52a51efc0 Thread added: 0x000001f53e38fda0
Event: 0.259 Thread 0x000001f52a51efc0 Thread added: 0x000001f53e390a50
Event: 0.293 Thread 0x000001f52a51efc0 Thread added: 0x000001f54358b550
Event: 0.310 Thread 0x000001f52a51efc0 Thread added: 0x000001f54358e220
Event: 0.423 Thread 0x000001f52a51efc0 Thread added: 0x000001f52a57e000
Event: 0.929 Thread 0x000001f52a51efc0 Thread added: 0x000001f543867350


Dynamic libraries:
0x00007ff7322b0000 - 0x00007ff7322be000 	c:\Users\samad\.vscode\extensions\redhat.java-1.39.2025010908-win32-x64\jre\17.0.13-win32-x86_64\bin\java.exe
0x00007ffd5e2b0000 - 0x00007ffd5e4c7000 	C:\WINDOWS\SYSTEM32\ntdll.dll
0x00007ffd5ca00000 - 0x00007ffd5cac4000 	C:\WINDOWS\System32\KERNEL32.DLL
0x00007ffd5bbd0000 - 0x00007ffd5bf8a000 	C:\WINDOWS\System32\KERNELBASE.dll
0x00007ffd5b820000 - 0x00007ffd5b931000 	C:\WINDOWS\System32\ucrtbase.dll
0x00007ffd49870000 - 0x00007ffd49887000 	c:\Users\samad\.vscode\extensions\redhat.java-1.39.2025010908-win32-x64\jre\17.0.13-win32-x86_64\bin\jli.dll
0x00007ffd5dce0000 - 0x00007ffd5de8e000 	C:\WINDOWS\System32\USER32.dll
0x00007ffd5bf90000 - 0x00007ffd5bfb6000 	C:\WINDOWS\System32\win32u.dll
0x00007ffd5dcb0000 - 0x00007ffd5dcd9000 	C:\WINDOWS\System32\GDI32.dll
0x00007ffd5bab0000 - 0x00007ffd5bbcb000 	C:\WINDOWS\System32\gdi32full.dll
0x00007ffd5b610000 - 0x00007ffd5b6aa000 	C:\WINDOWS\System32\msvcp_win.dll
0x00007ffd45f70000 - 0x00007ffd45f8e000 	c:\Users\samad\.vscode\extensions\redhat.java-1.39.2025010908-win32-x64\jre\17.0.13-win32-x86_64\bin\VCRUNTIME140.dll
0x00007ffd47e50000 - 0x00007ffd480e2000 	C:\WINDOWS\WinSxS\amd64_microsoft.windows.common-controls_6595b64144ccf1df_6.0.22621.4541_none_2710d1c57384c085\COMCTL32.dll
0x00007ffd5e1c0000 - 0x00007ffd5e267000 	C:\WINDOWS\System32\msvcrt.dll
0x00007ffd5d580000 - 0x00007ffd5d5b1000 	C:\WINDOWS\System32\IMM32.DLL
0x00007ffd4d6c0000 - 0x00007ffd4d6cc000 	c:\Users\samad\.vscode\extensions\redhat.java-1.39.2025010908-win32-x64\jre\17.0.13-win32-x86_64\bin\vcruntime140_1.dll
0x00007ffd0c0f0000 - 0x00007ffd0c17d000 	c:\Users\samad\.vscode\extensions\redhat.java-1.39.2025010908-win32-x64\jre\17.0.13-win32-x86_64\bin\msvcp140.dll
0x00007ffcec450000 - 0x00007ffced0bb000 	c:\Users\samad\.vscode\extensions\redhat.java-1.39.2025010908-win32-x64\jre\17.0.13-win32-x86_64\bin\server\jvm.dll
0x00007ffd5dba0000 - 0x00007ffd5dc52000 	C:\WINDOWS\System32\ADVAPI32.dll
0x00007ffd5d5c0000 - 0x00007ffd5d667000 	C:\WINDOWS\System32\sechost.dll
0x00007ffd5b9c0000 - 0x00007ffd5b9e8000 	C:\WINDOWS\System32\bcrypt.dll
0x00007ffd5c0c0000 - 0x00007ffd5c1d4000 	C:\WINDOWS\System32\RPCRT4.dll
0x00007ffd5db20000 - 0x00007ffd5db91000 	C:\WINDOWS\System32\WS2_32.dll
0x00007ffd5b460000 - 0x00007ffd5b4ad000 	C:\WINDOWS\SYSTEM32\POWRPROF.dll
0x00007ffd553a0000 - 0x00007ffd553d4000 	C:\WINDOWS\SYSTEM32\WINMM.dll
0x00007ffd543a0000 - 0x00007ffd543aa000 	C:\WINDOWS\SYSTEM32\VERSION.dll
0x00007ffd5b440000 - 0x00007ffd5b453000 	C:\WINDOWS\SYSTEM32\UMPDC.dll
0x00007ffd5a590000 - 0x00007ffd5a5a8000 	C:\WINDOWS\SYSTEM32\kernel.appcore.dll
0x00007ffd49320000 - 0x00007ffd4932a000 	c:\Users\samad\.vscode\extensions\redhat.java-1.39.2025010908-win32-x64\jre\17.0.13-win32-x86_64\bin\jimage.dll
0x00007ffd53700000 - 0x00007ffd53932000 	C:\WINDOWS\SYSTEM32\DBGHELP.DLL
0x00007ffd5d670000 - 0x00007ffd5d9ff000 	C:\WINDOWS\System32\combase.dll
0x00007ffd5c420000 - 0x00007ffd5c4f7000 	C:\WINDOWS\System32\OLEAUT32.dll
0x00007ffd41020000 - 0x00007ffd41052000 	C:\WINDOWS\SYSTEM32\dbgcore.DLL
0x00007ffd5b590000 - 0x00007ffd5b60b000 	C:\WINDOWS\System32\bcryptPrimitives.dll
0x00007ffd48a20000 - 0x00007ffd48a2e000 	c:\Users\samad\.vscode\extensions\redhat.java-1.39.2025010908-win32-x64\jre\17.0.13-win32-x86_64\bin\instrument.dll
0x00007ffd3a120000 - 0x00007ffd3a145000 	c:\Users\samad\.vscode\extensions\redhat.java-1.39.2025010908-win32-x64\jre\17.0.13-win32-x86_64\bin\java.dll
0x00007ffd44c70000 - 0x00007ffd44c88000 	c:\Users\samad\.vscode\extensions\redhat.java-1.39.2025010908-win32-x64\jre\17.0.13-win32-x86_64\bin\zip.dll
0x00007ffd5cad0000 - 0x00007ffd5d348000 	C:\WINDOWS\System32\SHELL32.dll
0x00007ffd59480000 - 0x00007ffd59d88000 	C:\WINDOWS\SYSTEM32\windows.storage.dll
0x00007ffd59340000 - 0x00007ffd5947f000 	C:\WINDOWS\SYSTEM32\wintypes.dll
0x00007ffd5da00000 - 0x00007ffd5dafa000 	C:\WINDOWS\System32\SHCORE.dll
0x00007ffd5e140000 - 0x00007ffd5e19e000 	C:\WINDOWS\System32\shlwapi.dll
0x00007ffd5b4c0000 - 0x00007ffd5b4eb000 	C:\WINDOWS\SYSTEM32\profapi.dll
0x00007ffd43430000 - 0x00007ffd43449000 	C:\Users\samad\.vscode\extensions\redhat.java-1.39.2025010908-win32-x64\jre\17.0.13-win32-x86_64\bin\net.dll
0x00007ffd58180000 - 0x00007ffd582b6000 	C:\WINDOWS\SYSTEM32\WINHTTP.dll
0x00007ffd5aa50000 - 0x00007ffd5aab9000 	C:\WINDOWS\system32\mswsock.dll
0x00007ffd422f0000 - 0x00007ffd42306000 	C:\Users\samad\.vscode\extensions\redhat.java-1.39.2025010908-win32-x64\jre\17.0.13-win32-x86_64\bin\nio.dll
0x00007ffd482b0000 - 0x00007ffd482c0000 	c:\Users\samad\.vscode\extensions\redhat.java-1.39.2025010908-win32-x64\jre\17.0.13-win32-x86_64\bin\verify.dll

dbghelp: loaded successfully - version: 4.0.5 - missing functions: none
symbol engine: initialized successfully - sym options: 0x614 - pdb path: .;c:\Users\samad\.vscode\extensions\redhat.java-1.39.2025010908-win32-x64\jre\17.0.13-win32-x86_64\bin;C:\WINDOWS\SYSTEM32;C:\WINDOWS\WinSxS\amd64_microsoft.windows.common-controls_6595b64144ccf1df_6.0.22621.4541_none_2710d1c57384c085;c:\Users\samad\.vscode\extensions\redhat.java-1.39.2025010908-win32-x64\jre\17.0.13-win32-x86_64\bin\server

VM Arguments:
jvm_args: --add-modules=ALL-SYSTEM --add-opens=java.base/java.util=ALL-UNNAMED --add-opens=java.base/java.lang=ALL-UNNAMED --add-opens=java.base/sun.nio.fs=ALL-UNNAMED -Declipse.application=org.eclipse.jdt.ls.core.id1 -Dosgi.bundles.defaultStartLevel=4 -Declipse.product=org.eclipse.jdt.ls.core.product -Djava.import.generatesMetadataFilesAtProjectRoot=false -DDetectVMInstallationsJob.disabled=true -Dfile.encoding=utf8 -XX:+UseParallelGC -XX:GCTimeRatio=4 -XX:AdaptiveSizePolicyWeight=90 -Dsun.zip.disableMemoryMapping=true -Xmx1G -Xms100m -Xlog:disable -javaagent:c:\Users\samad\.vscode\extensions\redhat.java-1.39.2025010908-win32-x64\lombok\lombok-1.18.34.jar -XX:+HeapDumpOnOutOfMemoryError -XX:HeapDumpPath=c:\Users\samad\AppData\Roaming\Code\User\workspaceStorage\ec86bbe54f1cdda7a8d9def5667c7cc5\redhat.java -Daether.dependencyCollector.impl=bf 
java_command: c:\Users\samad\.vscode\extensions\redhat.java-1.39.2025010908-win32-x64\server\plugins\org.eclipse.equinox.launcher_1.6.900.v20240613-2009.jar -configuration c:\Users\samad\AppData\Roaming\Code\User\globalStorage\redhat.java\1.39.2025010908\config_win -data c:\Users\samad\AppData\Roaming\Code\User\workspaceStorage\ec86bbe54f1cdda7a8d9def5667c7cc5\redhat.java\jdt_ws --pipe=\\.\pipe\lsp-838501f76709089816db68da3545e03b-sock
java_class_path (initial): c:\Users\samad\.vscode\extensions\redhat.java-1.39.2025010908-win32-x64\server\plugins\org.eclipse.equinox.launcher_1.6.900.v20240613-2009.jar
Launcher Type: SUN_STANDARD

[Global flags]
    uintx AdaptiveSizePolicyWeight                 = 90                                        {product} {command line}
     intx CICompilerCount                          = 3                                         {product} {ergonomic}
    uintx GCTimeRatio                              = 4                                         {product} {command line}
     bool HeapDumpOnOutOfMemoryError               = true                                   {manageable} {command line}
    ccstr HeapDumpPath                             = c:\Users\samad\AppData\Roaming\Code\User\workspaceStorage\ec86bbe54f1cdda7a8d9def5667c7cc5\redhat.java         {manageable} {command line}
   size_t InitialHeapSize                          = 104857600                                 {product} {command line}
   size_t MaxHeapSize                              = 1073741824                                {product} {command line}
   size_t MaxNewSize                               = 357564416                                 {product} {ergonomic}
   size_t MinHeapDeltaBytes                        = 524288                                    {product} {ergonomic}
   size_t MinHeapSize                              = 104857600                                 {product} {command line}
   size_t NewSize                                  = 34603008                                  {product} {ergonomic}
    uintx NonNMethodCodeHeapSize                   = 5832780                                {pd product} {ergonomic}
    uintx NonProfiledCodeHeapSize                  = 122912730                              {pd product} {ergonomic}
   size_t OldSize                                  = 70254592                                  {product} {ergonomic}
    uintx ProfiledCodeHeapSize                     = 122912730                              {pd product} {ergonomic}
    uintx ReservedCodeCacheSize                    = 251658240                              {pd product} {ergonomic}
     bool SegmentedCodeCache                       = true                                      {product} {ergonomic}
   size_t SoftMaxHeapSize                          = 1073741824                             {manageable} {ergonomic}
     bool UseCompressedClassPointers               = true                           {product lp64_product} {ergonomic}
     bool UseCompressedOops                        = true                           {product lp64_product} {ergonomic}
     bool UseLargePagesIndividualAllocation        = false                                  {pd product} {ergonomic}
     bool UseParallelGC                            = true                                      {product} {command line}

Logging:
Log output configuration:
 #0: stdout all=off uptime,level,tags
 #1: stderr all=off uptime,level,tags

Environment Variables:
JAVA_HOME=C:\Program Files\Java\jdk-21
PATH=C:\Program Files\Common Files\Oracle\Java\javapath;C:\Program Files (x86)\Common Files\Intel\Shared Libraries\redist\intel64\compiler;C:\Windows\system32;C:\Windows;C:\Windows\System32\Wbem;C:\Windows\System32\WindowsPowerShell\v1.0\;C:\Windows\System32\OpenSSH\;C:\Program Files (x86)\NVIDIA Corporation\PhysX\Common;C:\Program Files\NVIDIA Corporation\NVIDIA NvDLISR;C:\WINDOWS\system32;C:\WINDOWS;C:\WINDOWS\System32\Wbem;C:\WINDOWS\System32\WindowsPowerShell\v1.0\;C:\WINDOWS\System32\OpenSSH\;C:\Program Files\Git\cmd;C:\Program Files\dotnet\;C:\Program Files\MySQL\MySQL Server 8.0\bin;C:\Program Files\Java\jdk-21\bin;C:\Program Files\nodejs\;C:\Maven\bin;echo C:\Program Files\Java\jdk-21;C:\Maven\bin;C:\Users\samad\AppData\Local\Microsoft\WindowsApps;C:\Users\samad\AppData\Local\GitHubDesktop\bin;C:\Users\samad\AppData\Local\Programs\Microsoft VS Code\bin;C:\Users\samad\AppData\Roaming\npm;C:\Maven\bin;;C:\Program Files\JetBrains\IntelliJ IDEA Community Edition 2024.3.1.1\bin;
USERNAME=SAM
OS=Windows_NT
PROCESSOR_IDENTIFIER=AMD64 Family 23 Model 96 Stepping 1, AuthenticAMD
TMP=C:\Users\samad\AppData\Local\Temp
TEMP=C:\Users\samad\AppData\Local\Temp



Periodic native trim disabled


---------------  S Y S T E M  ---------------

OS:
 Windows 11 , 64 bit Build 22621 (10.0.22621.4391)
OS uptime: 5 days 9:43 hours
Hyper-V role detected

CPU: total 4 (initial active 4) (12 cores per cpu, 2 threads per core) family 23 model 96 stepping 1 microcode 0x0, cx8, cmov, fxsr, ht, mmx, 3dnowpref, sse, sse2, sse3, ssse3, sse4a, sse4.1, sse4.2, popcnt, lzcnt, tsc, tscinvbit, avx, avx2, aes, clmul, bmi1, bmi2, adx, sha, fma, vzeroupper, clflush, clflushopt, hv
Processor Information for all 4 processors :
  Max Mhz: 3001, Current Mhz: 3001, Mhz Limit: 3001

Memory: 4k page, system-wide physical 7598M (128M free)
TotalPageFile size 31150M (AvailPageFile size 1M)
current process WorkingSet (physical memory assigned to process): 49M, peak: 49M
current process commit charge ("private bytes"): 178M, peak: 178M

vm_info: OpenJDK 64-Bit Server VM (17.0.13+11) for windows-amd64 JRE (17.0.13+11), built on Oct 16 2024 00:10:08 by "admin" with MS VC++ 17.7 (VS2022)

END.
